// Jest Snapshot v1, https://goo.gl/fbAQLP

exports[`Render Page Items should get Items form props 1`] = `
Object {
  "asFragment": [Function],
  "baseElement": <body>
    <div>
      <header
        class="header"
      >
        <div
          class="container"
        >
          <a
            class="logo"
            href="/"
          >
            <img
              alt="Logo Mercadolibre"
              src="/Logo_ML.png"
              srcset="/Logo_ML@2x.png 2x"
            />
          </a>
          <form
            method="GET"
            role="searchForm"
          >
            <input
              id="search"
              name="search"
              placeholder="Nunca dejes de buscar"
              required=""
              type="text"
              value=""
            />
            <button
              type="submit"
            >
              <img
                alt="Buscar"
                src="/ic_Search.png"
                srcset="/ic_Search@2x.png 2x"
              />
            </button>
          </form>
        </div>
      </header>
      <div
        class="container"
      >
        <ul>
          <li>
            <p>
              categoryOne
            </p>
          </li>
        </ul>
      </div>
      <main
        class="container"
      >
        <ul>
          <li>
            <article>
              <div
                class="thumbImage"
              >
                <img
                  alt="Mock Title"
                  height="180"
                  src="mockImg.jpg"
                  width="180"
                />
              </div>
              <div
                class="description"
              >
                <div
                  class="price"
                >
                  <p>
                    $ 6.839,00
                  </p>
                  <img
                    alt="envio gratis"
                    src="ic_shipping.png"
                    srcset="ic_shipping@2x.png 2x"
                  />
                </div>
                <h2>
                  <a
                    href="/items/MLA884674542"
                  >
                    Mock Title
                  </a>
                </h2>
              </div>
              <div
                class="condition"
              >
                new
              </div>
            </article>
          </li>
        </ul>
      </main>
    </div>
  </body>,
  "container": <div>
    <header
      class="header"
    >
      <div
        class="container"
      >
        <a
          class="logo"
          href="/"
        >
          <img
            alt="Logo Mercadolibre"
            src="/Logo_ML.png"
            srcset="/Logo_ML@2x.png 2x"
          />
        </a>
        <form
          method="GET"
          role="searchForm"
        >
          <input
            id="search"
            name="search"
            placeholder="Nunca dejes de buscar"
            required=""
            type="text"
            value=""
          />
          <button
            type="submit"
          >
            <img
              alt="Buscar"
              src="/ic_Search.png"
              srcset="/ic_Search@2x.png 2x"
            />
          </button>
        </form>
      </div>
    </header>
    <div
      class="container"
    >
      <ul>
        <li>
          <p>
            categoryOne
          </p>
        </li>
      </ul>
    </div>
    <main
      class="container"
    >
      <ul>
        <li>
          <article>
            <div
              class="thumbImage"
            >
              <img
                alt="Mock Title"
                height="180"
                src="mockImg.jpg"
                width="180"
              />
            </div>
            <div
              class="description"
            >
              <div
                class="price"
              >
                <p>
                  $ 6.839,00
                </p>
                <img
                  alt="envio gratis"
                  src="ic_shipping.png"
                  srcset="ic_shipping@2x.png 2x"
                />
              </div>
              <h2>
                <a
                  href="/items/MLA884674542"
                >
                  Mock Title
                </a>
              </h2>
            </div>
            <div
              class="condition"
            >
              new
            </div>
          </article>
        </li>
      </ul>
    </main>
  </div>,
  "debug": [Function],
  "findAllByAltText": [Function],
  "findAllByDisplayValue": [Function],
  "findAllByLabelText": [Function],
  "findAllByPlaceholderText": [Function],
  "findAllByRole": [Function],
  "findAllByTestId": [Function],
  "findAllByText": [Function],
  "findAllByTitle": [Function],
  "findByAltText": [Function],
  "findByDisplayValue": [Function],
  "findByLabelText": [Function],
  "findByPlaceholderText": [Function],
  "findByRole": [Function],
  "findByTestId": [Function],
  "findByText": [Function],
  "findByTitle": [Function],
  "getAllByAltText": [Function],
  "getAllByDisplayValue": [Function],
  "getAllByLabelText": [Function],
  "getAllByPlaceholderText": [Function],
  "getAllByRole": [Function],
  "getAllByTestId": [Function],
  "getAllByText": [Function],
  "getAllByTitle": [Function],
  "getByAltText": [Function],
  "getByDisplayValue": [Function],
  "getByLabelText": [Function],
  "getByPlaceholderText": [Function],
  "getByRole": [Function],
  "getByTestId": [Function],
  "getByText": [Function],
  "getByTitle": [Function],
  "queryAllByAltText": [Function],
  "queryAllByDisplayValue": [Function],
  "queryAllByLabelText": [Function],
  "queryAllByPlaceholderText": [Function],
  "queryAllByRole": [Function],
  "queryAllByTestId": [Function],
  "queryAllByText": [Function],
  "queryAllByTitle": [Function],
  "queryByAltText": [Function],
  "queryByDisplayValue": [Function],
  "queryByLabelText": [Function],
  "queryByPlaceholderText": [Function],
  "queryByRole": [Function],
  "queryByTestId": [Function],
  "queryByText": [Function],
  "queryByTitle": [Function],
  "rerender": [Function],
  "unmount": [Function],
}
`;
